../Core/Src/main.c:89:1:__io_putchar	16	static
../Core/Src/main.c:106:5:main	72	static
../Core/Src/main.c:187:6:SystemClock_Config	88	static
../Core/Src/main.c:246:13:MX_ADC1_Init	24	static
../Core/Src/main.c:298:13:MX_ADC2_Init	24	static
../Core/Src/main.c:350:13:MX_DAC_Init	16	static
../Core/Src/main.c:390:13:MX_TIM3_Init	40	static
../Core/Src/main.c:435:13:MX_USART3_UART_Init	8	static
../Core/Src/main.c:470:13:MX_GPIO_Init	56	static
../Core/Src/main.c:573:6:StartDefaultTask	16	static
../Core/Src/main.c:592:6:STARTADCTASK	16	static
../Core/Src/main.c:683:6:HAL_TIM_PeriodElapsedCallback	16	static
../Core/Src/main.c:700:6:Error_Handler	4	static,ignoring_inline_asm
